// Jest Snapshot v1, https://goo.gl/fbAQLP

exports[`InputPassword Component matches the snapshot 1`] = `
<div
  className="input-password"
  onBlur={[Function]}
  type="text"
>
  <input
    autoComplete="off"
    className="form-control form-control"
    name="password"
    onChange={[Function]}
    placeholder="Senha"
    type="password"
  />
</div>
`;
