// Jest Snapshot v1, https://goo.gl/fbAQLP

exports[`Input Component matches the snapshot 1`] = `
<div
  className="input"
  onBlur={[Function]}
>
  <input
    autoComplete="off"
    className="form-control form-control"
    onChange={[Function]}
    placeholder="Login"
    type="text"
  />
</div>
`;
